
#line 1 "test4.f90"
! * This file is part of the Score-P software (http://www.score-p.org)
! *
! * Copyright (c) 2009-2011,
! *    RWTH Aachen University, Germany
! *    Gesellschaft fuer numerische Simulation mbH Braunschweig, Germany
! *    Technische Universitaet Dresden, Germany
! *    University of Oregon, Eugene, USA
! *    Forschungszentrum Juelich GmbH, Germany
! *    German Research School for Simulation Sciences GmbH, Juelich/Aachen, Germany
! *    Technische Universitaet Muenchen, Germany
! *
! * See the COPYING file in the package base directory for details.
! *
! * Testfile for automated testing of OPARI2
! *
! * @authors Bernd Mohr, Peter Philippen
! *
! * @brief Test the nowait and untied clauses.

program test4
      include 'test4.f90.opari.inc'
#line 21 "test4.f90"
  integer i
  
  real a(5,5), b(5,5), c(5,5)
  
      pomp2_num_threads = pomp2_lib_get_max_threads()
      pomp2_if = .true.
      call POMP2_Parallel_fork(pomp2_region_1,&
      pomp2_if, pomp2_num_threads, pomp2_old_task, &
      pomp2_ctc_1 )
#line 25 "test4.f90"
  !$omp parallel &
  !$omp firstprivate(pomp2_old_task) private(pomp2_new_task) &
  !$omp if(pomp2_if) num_threads(pomp2_num_threads)
      call POMP2_Parallel_begin(pomp2_region_1)
#line 26 "test4.f90"
  write(*,*) "parallel"
      call POMP2_Do_enter(pomp2_region_2, &
     pomp2_ctc_2 )
#line 27 "test4.f90"
  !$omp do
  do i=1,4
     write(*,*) "do nowait",i
  enddo
#line 31 "test4.f90"
  !$omp enddo nowait
      call POMP2_Do_exit(pomp2_region_2)
#line 32 "test4.f90"
  
      call POMP2_Sections_enter(pomp2_region_3, &
     pomp2_ctc_3 )
#line 33 "test4.f90"
  !$omp sections
#line 34 "test4.f90"
  !$omp section
      call POMP2_Section_begin(pomp2_region_3, &
     pomp2_ctc_3 )
#line 35 "test4.f90"
  write(*,*) "section nowait 1"
      call POMP2_Section_end(pomp2_region_3)
#line 36 "test4.f90"
  !$omp section
      call POMP2_Section_begin(pomp2_region_3, &
     pomp2_ctc_3 )
#line 37 "test4.f90"
  write(*,*) "section nowait 2"
      call POMP2_Section_end(pomp2_region_3)
#line 38 "test4.f90"
  !$omp end sections nowait
      call POMP2_Sections_exit(pomp2_region_3)
#line 39 "test4.f90"
  
      call POMP2_Single_enter(pomp2_region_4, &
     pomp2_ctc_4 )
#line 40 "test4.f90"
  !$omp single
      call POMP2_Single_begin(pomp2_region_4)
#line 41 "test4.f90"
  write(*,*) "single nowait"
      call POMP2_Single_end(pomp2_region_4)
#line 42 "test4.f90"
  !$omp end single nowait
      call POMP2_Single_exit(pomp2_region_4)
#line 43 "test4.f90"
  
      call POMP2_Workshare_enter(pomp2_region_5, &
     pomp2_ctc_5 )
#line 44 "test4.f90"
  !$omp workshare
  a = b + c
#line 46 "test4.f90"
  !$omp end workshare nowait
      call POMP2_Workshare_exit(pomp2_region_5)
#line 47 "test4.f90"
  
      pomp2_if = .true.
      if (pomp2_if) then
      call POMP2_Untied_task_create_begin(pomp2_region_6, pomp2_new_task,&
      pomp2_old_task, pomp2_if, pomp2_ctc_6 )
      end if
#line 48 "test4.f90"
  !$omp task untied if(pomp2_if) firstprivate(pomp2_new_task, pomp2_if)
      if (pomp2_if) then
      call POMP2_Untied_task_begin(pomp2_region_6, pomp2_new_task)
      end if
#line 49 "test4.f90"
  write(*,*) "task"
      if (pomp2_if) then
      call POMP2_Untied_task_end(pomp2_region_6)
      end if
#line 50 "test4.f90"
  !$omp end task
      if (pomp2_if) then
      call POMP2_Untied_task_create_end(pomp2_region_6, pomp2_old_task)
      end if
#line 51 "test4.f90"
  
      call POMP2_Implicit_barrier_enter(pomp2_region_1,&
      pomp2_old_task)
!$omp barrier
      call POMP2_Implicit_barrier_exit(pomp2_region_1, pomp2_old_task)
      call POMP2_Parallel_end(pomp2_region_1)
#line 52 "test4.f90"
  !$omp end parallel
      call POMP2_Parallel_join(pomp2_region_1, pomp2_old_task)
#line 53 "test4.f90"
end program test4

      subroutine POMP2_Init_reg_000()
         include 'test4.f90.opari.inc'
         call POMP2_Assign_handle( pomp2_region_1, &
         pomp2_ctc_1 )
         call POMP2_Assign_handle( pomp2_region_2, &
         pomp2_ctc_2 )
         call POMP2_Assign_handle( pomp2_region_3, &
         pomp2_ctc_3 )
         call POMP2_Assign_handle( pomp2_region_4, &
         pomp2_ctc_4 )
         call POMP2_Assign_handle( pomp2_region_5, &
         pomp2_ctc_5 )
         call POMP2_Assign_handle( pomp2_region_6, &
         pomp2_ctc_6 )
      end
