
#line 1 "test1_a.f"
! * This file is part of the Score-P software (http://www.score-p.org)
! *
! * Copyright (c) 2009-2011,
! *    RWTH Aachen University, Germany
! *    Gesellschaft fuer numerische Simulation mbH Braunschweig, Germany
! *    Technische Universitaet Dresden, Germany
! *    University of Oregon, Eugene, USA
! *    Forschungszentrum Juelich GmbH, Germany
! *    German Research School for Simulation Sciences GmbH, Juelich/Aachen, Germany
! *    Technische Universitaet Muenchen, Germany
! *
! * See the COPYING file in the package base directory for details.
! *
! * Testfile for automated testing of OPARI2
! *
! * @authors Bernd Mohr, Peter Philippen
! *
! * @brief Test the parsers ability to insert a necessary include statement at the right places.


      integer function f0()
      implicit
     &none
      include 'test1_a.f.opari.inc'
#line 24 "test1_a.f"
      double precision :: d
      write (*,*) "function f0"
      f0 = 5
      return
      end function f0
      
      subroutine s0
      include 'test1_a.f.opari.inc'
#line 31 "test1_a.f"
      write (*,*) "subroutine s0"
      end subroutine s0
      
      integer function f1(a)    !interface
      implicit
     >none
      include 'test1_a.f.opari.inc'
#line 37 "test1_a.f"
      integer :: a, result
      write (*,*) "function f1"
      f1 = a
      return
      end function f1

      recursive subroutine s1(a)
      implicit
     $none
      include 'test1_a.f.opari.inc'
#line 46 "test1_a.f"
      integer :: a
      write (*,*) "subroutine s1"
      write (*,*) "keyword interface inside a string"
      call ss1()

      entry ss1()
      write (*,*) "entry ss1"
      end subroutine s1

      program otest
      include 'test1_a.f.opari.inc'
#line 56 "test1_a.f"
      integer :: i, f0, f1, function
      
      function = 0
      write (*,*) 'program otest'
      i = f0()
      i = f1(2)
      call s0
      call s1(4)
      end program otest
      
