      INTEGER*8 pomp2_region_1
      CHARACTER*999 pomp2_ctc_1
      PARAMETER (pomp2_ctc_1=
     &"62*regionType=parallel*sscl=test2.f:27:27*escl=test2.f:80:8"//
     &"0**")

      INTEGER*8 pomp2_region_2
      CHARACTER*999 pomp2_ctc_2
      PARAMETER (pomp2_ctc_2=
     &"56*regionType=do*sscl=test2.f:30:30*escl=test2.f:35:35**")

      INTEGER*8 pomp2_region_3
      CHARACTER*999 pomp2_ctc_3
      PARAMETER (pomp2_ctc_3=
     &"59*regionType=flush*sscl=test2.f:37:37*escl=test2.f:37:37**"//
     &"")

      INTEGER*8 pomp2_region_4
      CHARACTER*999 pomp2_ctc_4
      PARAMETER (pomp2_ctc_4=
     &"61*regionType=barrier*sscl=test2.f:39:39*escl=test2.f:39:39"//
     &"**")

      INTEGER*8 pomp2_region_5
      CHARACTER*999 pomp2_ctc_5
      PARAMETER (pomp2_ctc_5=
     &"69*regionType=do*sscl=test2.f:41:41*escl=test2.f:47:47*hasO"//
     &"rdered=1**")

      INTEGER*8 pomp2_region_6
      CHARACTER*999 pomp2_ctc_6
      PARAMETER (pomp2_ctc_6=
     &"61*regionType=ordered*sscl=test2.f:43:43*escl=test2.f:45:45"//
     &"**")

      INTEGER*8 pomp2_region_7
      CHARACTER*999 pomp2_ctc_7
      PARAMETER (pomp2_ctc_7=
     &"76*regionType=sections*sscl=test2.f:49:49*escl=test2.f:54:5"//
     &"4*numSections=2**")

      INTEGER*8 pomp2_region_8
      CHARACTER*999 pomp2_ctc_8
      PARAMETER (pomp2_ctc_8=
     &"60*regionType=master*sscl=test2.f:56:56*escl=test2.f:58:58*"//
     &"*")

      INTEGER*8 pomp2_region_9
      CHARACTER*999 pomp2_ctc_9
      PARAMETER (pomp2_ctc_9=
     &"62*regionType=critical*sscl=test2.f:60:60*escl=test2.f:62:6"//
     &"2**")

      INTEGER*8 pomp2_region_10
      CHARACTER*999 pomp2_ctc_10
      PARAMETER (pomp2_ctc_10=
     &"82*regionType=critical*sscl=test2.f:64:64*escl=test2.f:66:6"//
     &"6*criticalName=foobar**")

      INTEGER*8 pomp2_region_11
      CHARACTER*999 pomp2_ctc_11
      PARAMETER (pomp2_ctc_11=
     &"60*regionType=atomic*sscl=test2.f:69:69*escl=test2.f:70:70*"//
     &"*")

      INTEGER*8 pomp2_region_12
      CHARACTER*999 pomp2_ctc_12
      PARAMETER (pomp2_ctc_12=
     &"60*regionType=single*sscl=test2.f:72:72*escl=test2.f:74:74*"//
     &"*")

      INTEGER*8 pomp2_region_13
      CHARACTER*999 pomp2_ctc_13
      PARAMETER (pomp2_ctc_13=
     &"63*regionType=workshare*sscl=test2.f:76:76*escl=test2.f:78:"//
     &"78**")

      INTEGER*8 pomp2_region_14
      CHARACTER*999 pomp2_ctc_14
      PARAMETER (pomp2_ctc_14=
     &"62*regionType=parallel*sscl=test2.f:82:82*escl=test2.f:91:9"//
     &"1**")

      INTEGER*8 pomp2_region_15
      CHARACTER*999 pomp2_ctc_15
      PARAMETER (pomp2_ctc_15=
     &"58*regionType=task*sscl=test2.f:83:83*escl=test2.f:85:85**""//
     &")

      INTEGER*8 pomp2_region_16
      CHARACTER*999 pomp2_ctc_16
      PARAMETER (pomp2_ctc_16=
     &"62*regionType=taskwait*sscl=test2.f:90:90*escl=test2.f:90:9"//
     &"0**")


      integer*4 pomp2_lib_get_max_threads
      logical pomp2_test_lock
      integer*4 pomp2_test_nest_lock
      integer*8 pomp2_old_task, pomp2_new_task 
      logical pomp2_if 
      integer*4 pomp2_num_threads 
      common /cb000/ pomp2_region_1,
     &          pomp2_region_2,
     &          pomp2_region_3,
     &          pomp2_region_4,
     &          pomp2_region_5,
     &          pomp2_region_6,
     &          pomp2_region_7,
     &          pomp2_region_8,
     &          pomp2_region_9,
     &          pomp2_region_10,
     &          pomp2_region_11,
     &          pomp2_region_12,
     &          pomp2_region_13,
     &          pomp2_region_14,
     &          pomp2_region_15,
     &          pomp2_region_16
