      INTEGER*8 pomp2_region_1
      CHARACTER*999 pomp2_ctc_1
      PARAMETER (pomp2_ctc_1=
     &"79*regionType=region*sscl=test7.f:25:25*escl=test7.f:31:31*"//
     &"userRegionName=foo**")

      INTEGER*8 pomp2_region_2
      CHARACTER*999 pomp2_ctc_2
      PARAMETER (pomp2_ctc_2=
     &"62*regionType=parallel*sscl=test7.f:27:27*escl=test7.f:29:2"//
     &"9**")

      INTEGER*8 pomp2_region_3
      CHARACTER*999 pomp2_ctc_3
      PARAMETER (pomp2_ctc_3=
     &"62*regionType=parallel*sscl=test7.f:41:41*escl=test7.f:43:4"//
     &"3**")


      integer*4 pomp2_lib_get_max_threads
      logical pomp2_test_lock
      integer*4 pomp2_test_nest_lock
      integer*8 pomp2_old_task, pomp2_new_task 
      logical pomp2_if 
      integer*4 pomp2_num_threads 
      common /cb000/ pomp2_region_1,
     &          pomp2_region_2,
     &          pomp2_region_3
