#include <opari2/pomp2_lib.h>

#define POMP2_DLIST_00001 shared(pomp2_region_1,pomp2_region_2,pomp2_region_3,pomp2_region_4)
static POMP2_Region_handle pomp2_region_1 = NULL;
    static const char pomp2_ctc_1[] = "61*regionType=parallel*sscl=test4.c:30:30*escl=test4.c:55:55**";
static POMP2_Region_handle pomp2_region_2 = NULL;
    static const char pomp2_ctc_2[] = "56*regionType=for*sscl=test4.c:33:33*escl=test4.c:36:36**";
static POMP2_Region_handle pomp2_region_3 = NULL;
    static const char pomp2_ctc_3[] = "75*regionType=sections*sscl=test4.c:38:38*escl=test4.c:44:44*numSections=2**";
static POMP2_Region_handle pomp2_region_4 = NULL;
    static const char pomp2_ctc_4[] = "59*regionType=single*sscl=test4.c:46:46*escl=test4.c:49:49**";
#define POMP2_DLIST_00005 shared(pomp2_region_5)
static POMP2_Region_handle pomp2_region_5 = NULL;
    static const char pomp2_ctc_5[] = "69*regionType=task*sscl=test4.c:51:51*escl=test4.c:54:54*hasUntied=1**";

#ifdef __cplusplus 
 extern "C" 
#endif
void POMP2_Init_reg_000()
{
    POMP2_Assign_handle( &pomp2_region_1, pomp2_ctc_1 );
    POMP2_Assign_handle( &pomp2_region_2, pomp2_ctc_2 );
    POMP2_Assign_handle( &pomp2_region_3, pomp2_ctc_3 );
    POMP2_Assign_handle( &pomp2_region_4, pomp2_ctc_4 );
    POMP2_Assign_handle( &pomp2_region_5, pomp2_ctc_5 );
}
