      INTEGER( KIND=8 ) :: pomp2_region_1

      CHARACTER (LEN=999), parameter :: pomp2_ctc_1 =&
        "64*regionType=parallel*sscl=test1.f90:24:24*escl=test1.f90:26:26**"

      INTEGER( KIND=8 ) :: pomp2_region_2

      CHARACTER (LEN=999), parameter :: pomp2_ctc_2 =&
        "63*regionType=barrier*sscl=test1.f90:25:25*escl=test1.f90:25:25**"

      INTEGER( KIND=8 ) :: pomp2_region_3

      CHARACTER (LEN=999), parameter :: pomp2_ctc_3 =&
        "64*regionType=parallel*sscl=test1.f90:28:29*escl=test1.f90:30:31**"

      INTEGER( KIND=8 ) :: pomp2_region_4

      CHARACTER (LEN=999), parameter :: pomp2_ctc_4 =&
        "64*regionType=parallel*sscl=test1.f90:33:34*escl=test1.f90:35:36**"


      integer ( kind=4 ) :: pomp2_lib_get_max_threads
      logical :: pomp2_test_lock
      integer ( kind=4 ) :: pomp2_test_nest_lock
      integer ( kind=8 ) :: pomp2_old_task, pomp2_new_task 
      logical :: pomp2_if 
      integer ( kind=4 ) :: pomp2_num_threads 
      common /cb000/ pomp2_region_1,&
              pomp2_region_2,&
              pomp2_region_3,&
              pomp2_region_4
