      INTEGER*8 pomp2_region_1
      CHARACTER*999 pomp2_ctc_1
      PARAMETER (pomp2_ctc_1=
     &"101*regionType=parallel*sscl=test8.f:27:27*escl=test8.f:44:"//
     &"44*hasIf=1*hasNumThreads=1*hasReduction=1**")

      INTEGER*8 pomp2_region_2
      CHARACTER*999 pomp2_ctc_2
      PARAMETER (pomp2_ctc_2=
     &"108*regionType=do*sscl=test8.f:30:30*escl=test8.f:35:35*has"//
     &"Reduction=1*scheduleType=dynamic,5*hasCollapse=1**")

      INTEGER*8 pomp2_region_3
      CHARACTER*999 pomp2_ctc_3
      PARAMETER (pomp2_ctc_3=
     &"76*regionType=sections*sscl=test8.f:37:37*escl=test8.f:42:4"//
     &"2*numSections=2**")

      INTEGER*8 pomp2_region_4
      CHARACTER*999 pomp2_ctc_4
      PARAMETER (pomp2_ctc_4=
     &"62*regionType=parallel*sscl=test8.f:46:46*escl=test8.f:50:5"//
     &"0**")

      INTEGER*8 pomp2_region_5
      CHARACTER*999 pomp2_ctc_5
      PARAMETER (pomp2_ctc_5=
     &"70*regionType=task*sscl=test8.f:47:47*escl=test8.f:49:49*ha"//
     &"sUntied=1**")

      INTEGER*8 pomp2_region_6
      CHARACTER*999 pomp2_ctc_6
      PARAMETER (pomp2_ctc_6=
     &"158*regionType=paralleldo*sscl=test8.f:52:53*escl=test8.f:6"//
     &"0:60*hasIf=1*hasNumThreads=1*hasReduction=1*scheduleType=st"//
     &"atic,chunkif*hasCollapse=1*hasOrdered=1**")

      INTEGER*8 pomp2_region_7
      CHARACTER*999 pomp2_ctc_7
      PARAMETER (pomp2_ctc_7=
     &"61*regionType=ordered*sscl=test8.f:55:55*escl=test8.f:57:57"//
     &"**")

      INTEGER*8 pomp2_region_8
      CHARACTER*999 pomp2_ctc_8
      PARAMETER (pomp2_ctc_8=
     &"109*regionType=parallelsections*sscl=test8.f:62:62*escl=tes"//
     &"t8.f:67:67*hasIf=1*hasNumThreads=1*hasReduction=1**")

      INTEGER*8 pomp2_region_9
      CHARACTER*999 pomp2_ctc_9
      PARAMETER (pomp2_ctc_9=
     &"110*regionType=parallelworkshare*sscl=test8.f:69:69*escl=te"//
     &"st8.f:71:71*hasIf=1*hasNumThreads=1*hasReduction=1**")


      integer*4 pomp2_lib_get_max_threads
      logical pomp2_test_lock
      integer*4 pomp2_test_nest_lock
      integer*8 pomp2_old_task, pomp2_new_task 
      logical pomp2_if 
      integer*4 pomp2_num_threads 
      common /cb000/ pomp2_region_1,
     &          pomp2_region_2,
     &          pomp2_region_3,
     &          pomp2_region_4,
     &          pomp2_region_5,
     &          pomp2_region_6,
     &          pomp2_region_7,
     &          pomp2_region_8,
     &          pomp2_region_9
