      INTEGER( KIND=8 ) :: pomp2_region_1

      CHARACTER (LEN=999), parameter :: pomp2_ctc_1 =&
        "64*regionType=parallel*sscl=test4.f90:25:25*escl=test4.f90:52:52**"

      INTEGER( KIND=8 ) :: pomp2_region_2

      CHARACTER (LEN=999), parameter :: pomp2_ctc_2 =&
        "58*regionType=do*sscl=test4.f90:27:27*escl=test4.f90:31:31**"

      INTEGER( KIND=8 ) :: pomp2_region_3

      CHARACTER (LEN=999), parameter :: pomp2_ctc_3 =&
        "78*regionType=sections*sscl=test4.f90:33:33*escl=test4.f90:38:38*numSections=2**"

      INTEGER( KIND=8 ) :: pomp2_region_4

      CHARACTER (LEN=999), parameter :: pomp2_ctc_4 =&
        "62*regionType=single*sscl=test4.f90:40:40*escl=test4.f90:42:42**"

      INTEGER( KIND=8 ) :: pomp2_region_5

      CHARACTER (LEN=999), parameter :: pomp2_ctc_5 =&
        "65*regionType=workshare*sscl=test4.f90:44:44*escl=test4.f90:46:46**"

      INTEGER( KIND=8 ) :: pomp2_region_6

      CHARACTER (LEN=999), parameter :: pomp2_ctc_6 =&
        "72*regionType=task*sscl=test4.f90:48:48*escl=test4.f90:50:50*hasUntied=1**"


      integer ( kind=4 ) :: pomp2_lib_get_max_threads
      logical :: pomp2_test_lock
      integer ( kind=4 ) :: pomp2_test_nest_lock
      integer ( kind=8 ) :: pomp2_old_task, pomp2_new_task 
      logical :: pomp2_if 
      integer ( kind=4 ) :: pomp2_num_threads 
      common /cb000/ pomp2_region_1,&
              pomp2_region_2,&
              pomp2_region_3,&
              pomp2_region_4,&
              pomp2_region_5,&
              pomp2_region_6
