      INTEGER( KIND=8 ) :: pomp2_region_1

      CHARACTER (LEN=999), parameter :: pomp2_ctc_1 =&
        "87*regionType=paralleldo*sscl=test5.f90:29:37*escl=test5.f90:42:42*scheduleType=dynamic**"

      INTEGER( KIND=8 ) :: pomp2_region_2

      CHARACTER (LEN=999), parameter :: pomp2_ctc_2 =&
        "111*regionType=parallelsections*sscl=test5.f90:45:46*escl=test5.f90:53:53*hasIf=1*hasNumThreads=1*hasReduction=1**"

      INTEGER( KIND=8 ) :: pomp2_region_3

      CHARACTER (LEN=999), parameter :: pomp2_ctc_3 =&
        "73*regionType=parallelworkshare*sscl=test5.f90:55:55*escl=test5.f90:58:58**"


      integer ( kind=4 ) :: pomp2_lib_get_max_threads
      logical :: pomp2_test_lock
      integer ( kind=4 ) :: pomp2_test_nest_lock
      integer ( kind=8 ) :: pomp2_old_task, pomp2_new_task 
      logical :: pomp2_if 
      integer ( kind=4 ) :: pomp2_num_threads 
      common /cb000/ pomp2_region_1,&
              pomp2_region_2,&
              pomp2_region_3
