#include <opari2/pomp2_lib.h>

#define POMP2_DLIST_00001 shared(pomp2_region_1,pomp2_region_2,pomp2_region_3)
static POMP2_Region_handle pomp2_region_1 = NULL;
    static const char pomp2_ctc_1[] = "100*regionType=parallel*sscl=test8.c:36:36*escl=test8.c:55:55*hasIf=1*hasNumThreads=1*hasReduction=1**";
static POMP2_Region_handle pomp2_region_2 = NULL;
    static const char pomp2_ctc_2[] = "108*regionType=for*sscl=test8.c:40:40*escl=test8.c:45:45*hasReduction=1*scheduleType=dynamic,5*hasCollapse=1**";
static POMP2_Region_handle pomp2_region_3 = NULL;
    static const char pomp2_ctc_3[] = "90*regionType=sections*sscl=test8.c:47:47*escl=test8.c:54:54*numSections=2*hasReduction=1**";
#define POMP2_DLIST_00004 shared(pomp2_region_4)
static POMP2_Region_handle pomp2_region_4 = NULL;
    static const char pomp2_ctc_4[] = "61*regionType=parallel*sscl=test8.c:57:57*escl=test8.c:63:63**";
#define POMP2_DLIST_00005 shared(pomp2_region_5)
static POMP2_Region_handle pomp2_region_5 = NULL;
    static const char pomp2_ctc_5[] = "77*regionType=task*sscl=test8.c:59:59*escl=test8.c:62:62*hasIf=1*hasUntied=1**";
#define POMP2_DLIST_00006 shared(pomp2_region_6,pomp2_region_7)
static POMP2_Region_handle pomp2_region_6 = NULL;
    static const char pomp2_ctc_6[] = "158*regionType=parallelfor*sscl=test8.c:66:66*escl=test8.c:73:73*hasIf=1*hasNumThreads=1*hasReduction=1*scheduleType=static,chunkif*hasCollapse=1*hasOrdered=1**";
static POMP2_Region_handle pomp2_region_7 = NULL;
    static const char pomp2_ctc_7[] = "60*regionType=ordered*sscl=test8.c:69:69*escl=test8.c:70:70**";
#define POMP2_DLIST_00008 shared(pomp2_region_8)
static POMP2_Region_handle pomp2_region_8 = NULL;
    static const char pomp2_ctc_8[] = "108*regionType=parallelsections*sscl=test8.c:75:75*escl=test8.c:82:82*hasIf=1*hasNumThreads=1*hasReduction=1**";

#ifdef __cplusplus 
 extern "C" 
#endif
void POMP2_Init_reg_000()
{
    POMP2_Assign_handle( &pomp2_region_1, pomp2_ctc_1 );
    POMP2_Assign_handle( &pomp2_region_2, pomp2_ctc_2 );
    POMP2_Assign_handle( &pomp2_region_3, pomp2_ctc_3 );
    POMP2_Assign_handle( &pomp2_region_4, pomp2_ctc_4 );
    POMP2_Assign_handle( &pomp2_region_5, pomp2_ctc_5 );
    POMP2_Assign_handle( &pomp2_region_6, pomp2_ctc_6 );
    POMP2_Assign_handle( &pomp2_region_7, pomp2_ctc_7 );
    POMP2_Assign_handle( &pomp2_region_8, pomp2_ctc_8 );
}
