#include <opari2/pomp2_lib.h>

#define POMP2_DLIST_00001 shared(pomp2_region_1)
static POMP2_Region_handle pomp2_region_1 = NULL;
    static const char pomp2_ctc_1[] = "61*regionType=parallel*sscl=test1.c:34:34*escl=test1.c:37:37**";
#define POMP2_DLIST_00002 shared(pomp2_region_2)
static POMP2_Region_handle pomp2_region_2 = NULL;
    static const char pomp2_ctc_2[] = "61*regionType=parallel*sscl=test1.c:39:41*escl=test1.c:44:44**";

#ifdef __cplusplus 
 extern "C" 
#endif
void POMP2_Init_reg_000()
{
    POMP2_Assign_handle( &pomp2_region_1, pomp2_ctc_1 );
    POMP2_Assign_handle( &pomp2_region_2, pomp2_ctc_2 );
}
