      INTEGER*8 pomp2_region_1
      CHARACTER*999 pomp2_ctc_1
      PARAMETER (pomp2_ctc_1=
     &"62*regionType=parallel*sscl=test3.f:23:23*escl=test3.f:28:2"//
     &"8**")

      INTEGER*8 pomp2_region_2
      CHARACTER*999 pomp2_ctc_2
      PARAMETER (pomp2_ctc_2=
     &"56*regionType=do*sscl=test3.f:24:24*escl=test3.f:27:27**")

      INTEGER*8 pomp2_region_3
      CHARACTER*999 pomp2_ctc_3
      PARAMETER (pomp2_ctc_3=
     &"64*regionType=paralleldo*sscl=test3.f:30:30*escl=test3.f:34"//
     &":34**")

      INTEGER*8 pomp2_region_4
      CHARACTER*999 pomp2_ctc_4
      PARAMETER (pomp2_ctc_4=
     &"62*regionType=parallel*sscl=test3.f:35:35*escl=test3.f:42:4"//
     &"2**")

      INTEGER*8 pomp2_region_5
      CHARACTER*999 pomp2_ctc_5
      PARAMETER (pomp2_ctc_5=
     &"56*regionType=do*sscl=test3.f:36:36*escl=test3.f:39:39**")

      INTEGER*8 pomp2_region_6
      CHARACTER*999 pomp2_ctc_6
      PARAMETER (pomp2_ctc_6=
     &"60*regionType=atomic*sscl=test3.f:40:40*escl=test3.f:41:41*"//
     &"*")

      INTEGER*8 pomp2_region_7
      CHARACTER*999 pomp2_ctc_7
      PARAMETER (pomp2_ctc_7=
     &"64*regionType=paralleldo*sscl=test3.f:44:44*escl=test3.f:46"//
     &":46**")

      INTEGER*8 pomp2_region_8
      CHARACTER*999 pomp2_ctc_8
      PARAMETER (pomp2_ctc_8=
     &"62*regionType=parallel*sscl=test3.f:47:47*escl=test3.f:49:4"//
     &"9**")

      INTEGER*8 pomp2_region_9
      CHARACTER*999 pomp2_ctc_9
      PARAMETER (pomp2_ctc_9=
     &"62*regionType=parallel*sscl=test3.f:55:55*escl=test3.f:65:6"//
     &"5**")

      INTEGER*8 pomp2_region_10
      CHARACTER*999 pomp2_ctc_10
      PARAMETER (pomp2_ctc_10=
     &"62*regionType=parallel*sscl=test3.f:56:56*escl=test3.f:64:6"//
     &"4**")

      INTEGER*8 pomp2_region_11
      CHARACTER*999 pomp2_ctc_11
      PARAMETER (pomp2_ctc_11=
     &"62*regionType=parallel*sscl=test3.f:57:57*escl=test3.f:63:6"//
     &"3**")

      INTEGER*8 pomp2_region_12
      CHARACTER*999 pomp2_ctc_12
      PARAMETER (pomp2_ctc_12=
     &"64*regionType=paralleldo*sscl=test3.f:58:58*escl=test3.f:62"//
     &":62**")

      INTEGER*8 pomp2_region_13
      CHARACTER*999 pomp2_ctc_13
      PARAMETER (pomp2_ctc_13=
     &"64*regionType=paralleldo*sscl=test3.f:70:70*escl=test3.f:75"//
     &":75**")

      INTEGER*8 pomp2_region_14
      CHARACTER*999 pomp2_ctc_14
      PARAMETER (pomp2_ctc_14=
     &"64*regionType=paralleldo*sscl=test3.f:77:77*escl=test3.f:80"//
     &":80**")

      INTEGER*8 pomp2_region_15
      CHARACTER*999 pomp2_ctc_15
      PARAMETER (pomp2_ctc_15=
     &"64*regionType=paralleldo*sscl=test3.f:83:83*escl=test3.f:88"//
     &":88**")


      integer*4 pomp2_lib_get_max_threads
      logical pomp2_test_lock
      integer*4 pomp2_test_nest_lock
      integer*8 pomp2_old_task, pomp2_new_task 
      logical pomp2_if 
      integer*4 pomp2_num_threads 
      common /cb000/ pomp2_region_1,
     &          pomp2_region_2,
     &          pomp2_region_3,
     &          pomp2_region_4,
     &          pomp2_region_5,
     &          pomp2_region_6,
     &          pomp2_region_7,
     &          pomp2_region_8,
     &          pomp2_region_9,
     &          pomp2_region_10,
     &          pomp2_region_11,
     &          pomp2_region_12,
     &          pomp2_region_13,
     &          pomp2_region_14,
     &          pomp2_region_15
