#include <opari2/pomp2_lib.h>

#define POMP2_DLIST_00001 shared(pomp2_region_1)
static POMP2_Region_handle pomp2_region_1 = NULL;
    static const char pomp2_ctc_1[] = "85*regionType=parallelfor*sscl=test5.c:31:39*escl=test5.c:43:43*scheduleType=dynamic**";
#define POMP2_DLIST_00002 shared(pomp2_region_2)
static POMP2_Region_handle pomp2_region_2 = NULL;
    static const char pomp2_ctc_2[] = "108*regionType=parallelsections*sscl=test5.c:45:45*escl=test5.c:59:59*hasIf=1*hasNumThreads=1*hasReduction=1**";

#ifdef __cplusplus 
 extern "C" 
#endif
void POMP2_Init_reg_000()
{
    POMP2_Assign_handle( &pomp2_region_1, pomp2_ctc_1 );
    POMP2_Assign_handle( &pomp2_region_2, pomp2_ctc_2 );
}
