      INTEGER*8 pomp2_region_1
      CHARACTER*999 pomp2_ctc_1
      PARAMETER (pomp2_ctc_1=
     &"62*regionType=parallel*sscl=test4.f:25:25*escl=test4.f:52:5"//
     &"2**")

      INTEGER*8 pomp2_region_2
      CHARACTER*999 pomp2_ctc_2
      PARAMETER (pomp2_ctc_2=
     &"56*regionType=do*sscl=test4.f:27:27*escl=test4.f:31:31**")

      INTEGER*8 pomp2_region_3
      CHARACTER*999 pomp2_ctc_3
      PARAMETER (pomp2_ctc_3=
     &"76*regionType=sections*sscl=test4.f:33:33*escl=test4.f:38:3"//
     &"8*numSections=2**")

      INTEGER*8 pomp2_region_4
      CHARACTER*999 pomp2_ctc_4
      PARAMETER (pomp2_ctc_4=
     &"60*regionType=single*sscl=test4.f:40:40*escl=test4.f:42:42*"//
     &"*")

      INTEGER*8 pomp2_region_5
      CHARACTER*999 pomp2_ctc_5
      PARAMETER (pomp2_ctc_5=
     &"63*regionType=workshare*sscl=test4.f:44:44*escl=test4.f:46:"//
     &"46**")

      INTEGER*8 pomp2_region_6
      CHARACTER*999 pomp2_ctc_6
      PARAMETER (pomp2_ctc_6=
     &"70*regionType=task*sscl=test4.f:48:48*escl=test4.f:50:50*ha"//
     &"sUntied=1**")


      integer*4 pomp2_lib_get_max_threads
      logical pomp2_test_lock
      integer*4 pomp2_test_nest_lock
      integer*8 pomp2_old_task, pomp2_new_task 
      logical pomp2_if 
      integer*4 pomp2_num_threads 
      common /cb000/ pomp2_region_1,
     &          pomp2_region_2,
     &          pomp2_region_3,
     &          pomp2_region_4,
     &          pomp2_region_5,
     &          pomp2_region_6
