#include <opari2/pomp2_lib.h>

#define POMP2_DLIST_00001 shared(pomp2_region_1,pomp2_region_2,pomp2_region_3,pomp2_region_4,pomp2_region_5,pomp2_region_6,pomp2_region_7,pomp2_region_8,pomp2_region_9,pomp2_region_10,pomp2_region_11,pomp2_region_12)
static POMP2_Region_handle pomp2_region_1 = NULL;
    static const char pomp2_ctc_1[] = "61*regionType=parallel*sscl=test2.c:34:34*escl=test2.c:89:89**";
static POMP2_Region_handle pomp2_region_2 = NULL;
    static const char pomp2_ctc_2[] = "56*regionType=for*sscl=test2.c:38:38*escl=test2.c:42:42**";
static POMP2_Region_handle pomp2_region_3 = NULL;
    static const char pomp2_ctc_3[] = "58*regionType=flush*sscl=test2.c:44:44*escl=test2.c:44:44**";
static POMP2_Region_handle pomp2_region_4 = NULL;
    static const char pomp2_ctc_4[] = "60*regionType=barrier*sscl=test2.c:46:46*escl=test2.c:46:46**";
static POMP2_Region_handle pomp2_region_5 = NULL;
    static const char pomp2_ctc_5[] = "69*regionType=for*sscl=test2.c:48:48*escl=test2.c:54:54*hasOrdered=1**";
static POMP2_Region_handle pomp2_region_6 = NULL;
    static const char pomp2_ctc_6[] = "60*regionType=ordered*sscl=test2.c:50:50*escl=test2.c:53:53**";
static POMP2_Region_handle pomp2_region_7 = NULL;
    static const char pomp2_ctc_7[] = "75*regionType=sections*sscl=test2.c:56:56*escl=test2.c:62:62*numSections=2**";
static POMP2_Region_handle pomp2_region_8 = NULL;
    static const char pomp2_ctc_8[] = "59*regionType=master*sscl=test2.c:64:64*escl=test2.c:67:67**";
static POMP2_Region_handle pomp2_region_9 = NULL;
    static const char pomp2_ctc_9[] = "61*regionType=critical*sscl=test2.c:69:69*escl=test2.c:72:72**";
static POMP2_Region_handle pomp2_region_10 = NULL;
    static const char pomp2_ctc_10[] = "81*regionType=critical*sscl=test2.c:74:74*escl=test2.c:77:77*criticalName=foobar**";
static POMP2_Region_handle pomp2_region_11 = NULL;
    static const char pomp2_ctc_11[] = "59*regionType=atomic*sscl=test2.c:79:79*escl=test2.c:82:82**";
static POMP2_Region_handle pomp2_region_12 = NULL;
    static const char pomp2_ctc_12[] = "59*regionType=single*sscl=test2.c:85:85*escl=test2.c:88:88**";
#define POMP2_DLIST_00013 shared(pomp2_region_13,pomp2_region_15)
static POMP2_Region_handle pomp2_region_13 = NULL;
    static const char pomp2_ctc_13[] = "61*regionType=parallel*sscl=test2.c:91:91*escl=test2.c:99:99**";
#define POMP2_DLIST_00014 shared(pomp2_region_14)
static POMP2_Region_handle pomp2_region_14 = NULL;
    static const char pomp2_ctc_14[] = "57*regionType=task*sscl=test2.c:93:93*escl=test2.c:96:96**";
static POMP2_Region_handle pomp2_region_15 = NULL;
    static const char pomp2_ctc_15[] = "61*regionType=taskwait*sscl=test2.c:98:98*escl=test2.c:98:98**";

#ifdef __cplusplus 
 extern "C" 
#endif
void POMP2_Init_reg_000()
{
    POMP2_Assign_handle( &pomp2_region_1, pomp2_ctc_1 );
    POMP2_Assign_handle( &pomp2_region_2, pomp2_ctc_2 );
    POMP2_Assign_handle( &pomp2_region_3, pomp2_ctc_3 );
    POMP2_Assign_handle( &pomp2_region_4, pomp2_ctc_4 );
    POMP2_Assign_handle( &pomp2_region_5, pomp2_ctc_5 );
    POMP2_Assign_handle( &pomp2_region_6, pomp2_ctc_6 );
    POMP2_Assign_handle( &pomp2_region_7, pomp2_ctc_7 );
    POMP2_Assign_handle( &pomp2_region_8, pomp2_ctc_8 );
    POMP2_Assign_handle( &pomp2_region_9, pomp2_ctc_9 );
    POMP2_Assign_handle( &pomp2_region_10, pomp2_ctc_10 );
    POMP2_Assign_handle( &pomp2_region_11, pomp2_ctc_11 );
    POMP2_Assign_handle( &pomp2_region_12, pomp2_ctc_12 );
    POMP2_Assign_handle( &pomp2_region_13, pomp2_ctc_13 );
    POMP2_Assign_handle( &pomp2_region_14, pomp2_ctc_14 );
    POMP2_Assign_handle( &pomp2_region_15, pomp2_ctc_15 );
}
