      INTEGER( KIND=8 ) :: pomp2_region_1

      CHARACTER (LEN=999), parameter :: pomp2_ctc_1 =&
        "81*regionType=region*sscl=test7.f90:25:25*escl=test7.f90:31:31*userRegionName=foo**"

      INTEGER( KIND=8 ) :: pomp2_region_2

      CHARACTER (LEN=999), parameter :: pomp2_ctc_2 =&
        "64*regionType=parallel*sscl=test7.f90:27:27*escl=test7.f90:29:29**"

      INTEGER( KIND=8 ) :: pomp2_region_3

      CHARACTER (LEN=999), parameter :: pomp2_ctc_3 =&
        "64*regionType=parallel*sscl=test7.f90:41:41*escl=test7.f90:43:43**"


      integer ( kind=4 ) :: pomp2_lib_get_max_threads
      logical :: pomp2_test_lock
      integer ( kind=4 ) :: pomp2_test_nest_lock
      integer ( kind=8 ) :: pomp2_old_task, pomp2_new_task 
      logical :: pomp2_if 
      integer ( kind=4 ) :: pomp2_num_threads 
      common /cb000/ pomp2_region_1,&
              pomp2_region_2,&
              pomp2_region_3
