      INTEGER*8 pomp2_region_1
      CHARACTER*999 pomp2_ctc_1
      PARAMETER (pomp2_ctc_1=
     &"62*regionType=parallel*sscl=test1.f:25:25*escl=test1.f:28:2"//
     &"8**")

      INTEGER*8 pomp2_region_2
      CHARACTER*999 pomp2_ctc_2
      PARAMETER (pomp2_ctc_2=
     &"61*regionType=barrier*sscl=test1.f:26:26*escl=test1.f:26:26"//
     &"**")

      INTEGER*8 pomp2_region_3
      CHARACTER*999 pomp2_ctc_3
      PARAMETER (pomp2_ctc_3=
     &"61*regionType=barrier*sscl=test1.f:27:27*escl=test1.f:27:27"//
     &"**")

      INTEGER*8 pomp2_region_4
      CHARACTER*999 pomp2_ctc_4
      PARAMETER (pomp2_ctc_4=
     &"62*regionType=parallel*sscl=test1.f:30:31*escl=test1.f:32:3"//
     &"3**")

      INTEGER*8 pomp2_region_5
      CHARACTER*999 pomp2_ctc_5
      PARAMETER (pomp2_ctc_5=
     &"62*regionType=parallel*sscl=test1.f:35:36*escl=test1.f:37:3"//
     &"9**")

      INTEGER*8 pomp2_region_6
      CHARACTER*999 pomp2_ctc_6
      PARAMETER (pomp2_ctc_6=
     &"62*regionType=parallel*sscl=test1.f:41:42*escl=test1.f:46:4"//
     &"7**")


      integer*4 pomp2_lib_get_max_threads
      logical pomp2_test_lock
      integer*4 pomp2_test_nest_lock
      integer*8 pomp2_old_task, pomp2_new_task 
      logical pomp2_if 
      integer*4 pomp2_num_threads 
      common /cb000/ pomp2_region_1,
     &          pomp2_region_2,
     &          pomp2_region_3,
     &          pomp2_region_4,
     &          pomp2_region_5,
     &          pomp2_region_6
