#include <opari2/pomp2_lib.h>


#ifdef __cplusplus 
 extern "C" 
#endif
void POMP2_Init_reg_000()
{
}
