#include <opari2/pomp2_lib.h>

static POMP2_Region_handle pomp2_region_1 = NULL;
    static const char pomp2_ctc_1[] = "78*regionType=region*sscl=test7.c:30:30*escl=test7.c:64:64*userRegionName=foo**";
#define POMP2_DLIST_00002 shared(pomp2_region_2)
static POMP2_Region_handle pomp2_region_2 = NULL;
    static const char pomp2_ctc_2[] = "61*regionType=parallel*sscl=test7.c:32:32*escl=test7.c:33:33**";
#define POMP2_DLIST_00003 shared(pomp2_region_3)
static POMP2_Region_handle pomp2_region_3 = NULL;
    static const char pomp2_ctc_3[] = "61*regionType=parallel*sscl=test7.c:42:42*escl=test7.c:43:43**";
#define POMP2_DLIST_00004 shared(pomp2_region_4,pomp2_region_5,pomp2_region_6)
static POMP2_Region_handle pomp2_region_4 = NULL;
    static const char pomp2_ctc_4[] = "61*regionType=parallel*sscl=test7.c:50:50*escl=test7.c:57:57**";
static POMP2_Region_handle pomp2_region_5 = NULL;
    static const char pomp2_ctc_5[] = "81*regionType=region*sscl=test7.c:52:52*escl=test7.c:56:56*userRegionName=phase1**";
static POMP2_Region_handle pomp2_region_6 = NULL;
    static const char pomp2_ctc_6[] = "60*regionType=barrier*sscl=test7.c:54:54*escl=test7.c:54:54**";

#ifdef __cplusplus 
 extern "C" 
#endif
void POMP2_Init_reg_000()
{
    POMP2_Assign_handle( &pomp2_region_1, pomp2_ctc_1 );
    POMP2_Assign_handle( &pomp2_region_2, pomp2_ctc_2 );
    POMP2_Assign_handle( &pomp2_region_3, pomp2_ctc_3 );
    POMP2_Assign_handle( &pomp2_region_4, pomp2_ctc_4 );
    POMP2_Assign_handle( &pomp2_region_5, pomp2_ctc_5 );
    POMP2_Assign_handle( &pomp2_region_6, pomp2_ctc_6 );
}
