      INTEGER*8 pomp2_region_1
      CHARACTER*999 pomp2_ctc_1
      PARAMETER (pomp2_ctc_1=
     &"85*regionType=paralleldo*sscl=test5.f:29:37*escl=test5.f:42"//
     &":42*scheduleType=dynamic**")

      INTEGER*8 pomp2_region_2
      CHARACTER*999 pomp2_ctc_2
      PARAMETER (pomp2_ctc_2=
     &"109*regionType=parallelsections*sscl=test5.f:45:46*escl=tes"//
     &"t5.f:53:53*hasIf=1*hasNumThreads=1*hasReduction=1**")

      INTEGER*8 pomp2_region_3
      CHARACTER*999 pomp2_ctc_3
      PARAMETER (pomp2_ctc_3=
     &"71*regionType=parallelworkshare*sscl=test5.f:55:55*escl=tes"//
     &"t5.f:58:58**")


      integer*4 pomp2_lib_get_max_threads
      logical pomp2_test_lock
      integer*4 pomp2_test_nest_lock
      integer*8 pomp2_old_task, pomp2_new_task 
      logical pomp2_if 
      integer*4 pomp2_num_threads 
      common /cb000/ pomp2_region_1,
     &          pomp2_region_2,
     &          pomp2_region_3
