      INTEGER( KIND=8 ) :: pomp2_region_1

      CHARACTER (LEN=999), parameter :: pomp2_ctc_1 =&
        "64*regionType=parallel*sscl=test3.f90:23:23*escl=test3.f90:28:28**"

      INTEGER( KIND=8 ) :: pomp2_region_2

      CHARACTER (LEN=999), parameter :: pomp2_ctc_2 =&
        "58*regionType=do*sscl=test3.f90:24:24*escl=test3.f90:27:27**"

      INTEGER( KIND=8 ) :: pomp2_region_3

      CHARACTER (LEN=999), parameter :: pomp2_ctc_3 =&
        "66*regionType=paralleldo*sscl=test3.f90:30:30*escl=test3.f90:34:34**"

      INTEGER( KIND=8 ) :: pomp2_region_4

      CHARACTER (LEN=999), parameter :: pomp2_ctc_4 =&
        "64*regionType=parallel*sscl=test3.f90:35:35*escl=test3.f90:42:42**"

      INTEGER( KIND=8 ) :: pomp2_region_5

      CHARACTER (LEN=999), parameter :: pomp2_ctc_5 =&
        "58*regionType=do*sscl=test3.f90:36:36*escl=test3.f90:39:39**"

      INTEGER( KIND=8 ) :: pomp2_region_6

      CHARACTER (LEN=999), parameter :: pomp2_ctc_6 =&
        "62*regionType=atomic*sscl=test3.f90:40:40*escl=test3.f90:41:41**"

      INTEGER( KIND=8 ) :: pomp2_region_7

      CHARACTER (LEN=999), parameter :: pomp2_ctc_7 =&
        "66*regionType=paralleldo*sscl=test3.f90:44:44*escl=test3.f90:46:46**"

      INTEGER( KIND=8 ) :: pomp2_region_8

      CHARACTER (LEN=999), parameter :: pomp2_ctc_8 =&
        "64*regionType=parallel*sscl=test3.f90:47:47*escl=test3.f90:49:49**"

      INTEGER( KIND=8 ) :: pomp2_region_9

      CHARACTER (LEN=999), parameter :: pomp2_ctc_9 =&
        "64*regionType=parallel*sscl=test3.f90:55:55*escl=test3.f90:65:65**"

      INTEGER( KIND=8 ) :: pomp2_region_10

      CHARACTER (LEN=999), parameter :: pomp2_ctc_10 =&
        "64*regionType=parallel*sscl=test3.f90:56:56*escl=test3.f90:64:64**"

      INTEGER( KIND=8 ) :: pomp2_region_11

      CHARACTER (LEN=999), parameter :: pomp2_ctc_11 =&
        "64*regionType=parallel*sscl=test3.f90:57:57*escl=test3.f90:63:63**"

      INTEGER( KIND=8 ) :: pomp2_region_12

      CHARACTER (LEN=999), parameter :: pomp2_ctc_12 =&
        "66*regionType=paralleldo*sscl=test3.f90:58:58*escl=test3.f90:62:62**"

      INTEGER( KIND=8 ) :: pomp2_region_13

      CHARACTER (LEN=999), parameter :: pomp2_ctc_13 =&
        "66*regionType=paralleldo*sscl=test3.f90:71:71*escl=test3.f90:76:76**"

      INTEGER( KIND=8 ) :: pomp2_region_14

      CHARACTER (LEN=999), parameter :: pomp2_ctc_14 =&
        "66*regionType=paralleldo*sscl=test3.f90:78:78*escl=test3.f90:81:81**"

      INTEGER( KIND=8 ) :: pomp2_region_15

      CHARACTER (LEN=999), parameter :: pomp2_ctc_15 =&
        "66*regionType=paralleldo*sscl=test3.f90:84:84*escl=test3.f90:90:90**"

      INTEGER( KIND=8 ) :: pomp2_region_16

      CHARACTER (LEN=999), parameter :: pomp2_ctc_16 =&
        "66*regionType=paralleldo*sscl=test3.f90:91:91*escl=test3.f90:95:95**"


      integer ( kind=4 ) :: pomp2_lib_get_max_threads
      logical :: pomp2_test_lock
      integer ( kind=4 ) :: pomp2_test_nest_lock
      integer ( kind=8 ) :: pomp2_old_task, pomp2_new_task 
      logical :: pomp2_if 
      integer ( kind=4 ) :: pomp2_num_threads 
      common /cb000/ pomp2_region_1,&
              pomp2_region_2,&
              pomp2_region_3,&
              pomp2_region_4,&
              pomp2_region_5,&
              pomp2_region_6,&
              pomp2_region_7,&
              pomp2_region_8,&
              pomp2_region_9,&
              pomp2_region_10,&
              pomp2_region_11,&
              pomp2_region_12,&
              pomp2_region_13,&
              pomp2_region_14,&
              pomp2_region_15,&
              pomp2_region_16
